
--- Attempt 1 (rc=0) ---
Database initialized.
Total records available: 20360

Training model for Station 1...
  Epoch 1/1 | Train Loss: 0.2268 | Val Loss: 0.0502
    -> Saved models/model_station_1.pt and models/scaler_station_1.joblib

--- Attempt 1 (rc=0) ---
Database initialized.
Total records available: 20360

Training model for Station 1...
  Epoch 1/30 | Train Loss: 0.3107 | Val Loss: 0.0908
    -> Saved models/model_station_1.pt and models/scaler_station_1.joblib
  Epoch 2/30 | Train Loss: 0.0776 | Val Loss: 0.0481
    -> Saved models/model_station_1.pt and models/scaler_station_1.joblib
  Epoch 3/30 | Train Loss: 0.0484 | Val Loss: 0.0346
    -> Saved models/model_station_1.pt and models/scaler_station_1.joblib
  Epoch 4/30 | Train Loss: 0.0379 | Val Loss: 0.0291
    -> Saved models/model_station_1.pt and models/scaler_station_1.joblib
  Epoch 5/30 | Train Loss: 0.0329 | Val Loss: 0.0248
    -> Saved models/model_station_1.pt and models/scaler_station_1.joblib
  Epoch 6/30 | Train Loss: 0.0299 | Val Loss: 0.0211
    -> Saved models/model_station_1.pt and models/scaler_station_1.joblib
  Epoch 7/30 | Train Loss: 0.0262 | Val Loss: 0.0184
    -> Saved models/model_station_1.pt and models/scaler_station_1.joblib
  Epoch 8/30 | Train Loss: 0.0238 | Val Loss: 0.0177
    -> Saved models/model_station_1.pt and models/scaler_station_1.joblib
  Epoch 9/30 | Train Loss: 0.0223 | Val Loss: 0.0158
    -> Saved models/model_station_1.pt and models/scaler_station_1.joblib
  Epoch 10/30 | Train Loss: 0.0204 | Val Loss: 0.0147
    -> Saved models/model_station_1.pt and models/scaler_station_1.joblib
  Epoch 11/30 | Train Loss: 0.0194 | Val Loss: 0.0149
  Epoch 12/30 | Train Loss: 0.0193 | Val Loss: 0.0150
  Epoch 13/30 | Train Loss: 0.0202 | Val Loss: 0.0134
    -> Saved models/model_station_1.pt and models/scaler_station_1.joblib
  Epoch 14/30 | Train Loss: 0.0182 | Val Loss: 0.0128
    -> Saved models/model_station_1.pt and models/scaler_station_1.joblib
  Epoch 15/30 | Train Loss: 0.0179 | Val Loss: 0.0125
    -> Saved models/model_station_1.pt and models/scaler_station_1.joblib
  Epoch 16/30 | Train Loss: 0.0178 | Val Loss: 0.0128
  Epoch 17/30 | Train Loss: 0.0179 | Val Loss: 0.0122
    -> Saved models/model_station_1.pt and models/scaler_station_1.joblib
  Epoch 18/30 | Train Loss: 0.0166 | Val Loss: 0.0135
  Epoch 19/30 | Train Loss: 0.0182 | Val Loss: 0.0125
  Epoch 20/30 | Train Loss: 0.0178 | Val Loss: 0.0120
    -> Saved models/model_station_1.pt and models/scaler_station_1.joblib
  Epoch 21/30 | Train Loss: 0.0168 | Val Loss: 0.0122
  Epoch 22/30 | Train Loss: 0.0172 | Val Loss: 0.0119
    -> Saved models/model_station_1.pt and models/scaler_station_1.joblib
  Epoch 23/30 | Train Loss: 0.0165 | Val Loss: 0.0112
    -> Saved models/model_station_1.pt and models/scaler_station_1.joblib
  Epoch 24/30 | Train Loss: 0.0163 | Val Loss: 0.0137
  Epoch 25/30 | Train Loss: 0.0163 | Val Loss: 0.0110
    -> Saved models/model_station_1.pt and models/scaler_station_1.joblib
  Epoch 26/30 | Train Loss: 0.0165 | Val Loss: 0.0126
  Epoch 27/30 | Train Loss: 0.0163 | Val Loss: 0.0109
    -> Saved models/model_station_1.pt and models/scaler_station_1.joblib
  Epoch 28/30 | Train Loss: 0.0157 | Val Loss: 0.0124
  Epoch 29/30 | Train Loss: 0.0163 | Val Loss: 0.0107
    -> Saved models/model_station_1.pt and models/scaler_station_1.joblib
  Epoch 30/30 | Train Loss: 0.0162 | Val Loss: 0.0117
