
--- Attempt 1 (rc=0) ---
Database initialized.
Total records available: 20360

Training model for Station 2...
  Epoch 1/30 | Train Loss: 0.2484 | Val Loss: 0.0624
    -> Saved models/model_station_2.pt and models/scaler_station_2.joblib
  Epoch 2/30 | Train Loss: 0.0674 | Val Loss: 0.0425
    -> Saved models/model_station_2.pt and models/scaler_station_2.joblib
  Epoch 3/30 | Train Loss: 0.0465 | Val Loss: 0.0417
    -> Saved models/model_station_2.pt and models/scaler_station_2.joblib
  Epoch 4/30 | Train Loss: 0.0375 | Val Loss: 0.0344
    -> Saved models/model_station_2.pt and models/scaler_station_2.joblib
  Epoch 5/30 | Train Loss: 0.0327 | Val Loss: 0.0319
    -> Saved models/model_station_2.pt and models/scaler_station_2.joblib
  Epoch 6/30 | Train Loss: 0.0309 | Val Loss: 0.0286
    -> Saved models/model_station_2.pt and models/scaler_station_2.joblib
  Epoch 7/30 | Train Loss: 0.0284 | Val Loss: 0.0291
  Epoch 8/30 | Train Loss: 0.0290 | Val Loss: 0.0275
    -> Saved models/model_station_2.pt and models/scaler_station_2.joblib
  Epoch 9/30 | Train Loss: 0.0273 | Val Loss: 0.0258
    -> Saved models/model_station_2.pt and models/scaler_station_2.joblib
  Epoch 10/30 | Train Loss: 0.0264 | Val Loss: 0.0285
  Epoch 11/30 | Train Loss: 0.0276 | Val Loss: 0.0271
  Epoch 12/30 | Train Loss: 0.0259 | Val Loss: 0.0261
  Epoch 13/30 | Train Loss: 0.0253 | Val Loss: 0.0280
  Epoch 14/30 | Train Loss: 0.0256 | Val Loss: 0.0267
  Epoch 15/30 | Train Loss: 0.0244 | Val Loss: 0.0255
    -> Saved models/model_station_2.pt and models/scaler_station_2.joblib
  Epoch 16/30 | Train Loss: 0.0239 | Val Loss: 0.0246
    -> Saved models/model_station_2.pt and models/scaler_station_2.joblib
  Epoch 17/30 | Train Loss: 0.0241 | Val Loss: 0.0242
    -> Saved models/model_station_2.pt and models/scaler_station_2.joblib
  Epoch 18/30 | Train Loss: 0.0231 | Val Loss: 0.0230
    -> Saved models/model_station_2.pt and models/scaler_station_2.joblib
  Epoch 19/30 | Train Loss: 0.0232 | Val Loss: 0.0270
  Epoch 20/30 | Train Loss: 0.0214 | Val Loss: 0.0249
  Epoch 21/30 | Train Loss: 0.0211 | Val Loss: 0.0236
  Epoch 22/30 | Train Loss: 0.0215 | Val Loss: 0.0245
  Epoch 23/30 | Train Loss: 0.0205 | Val Loss: 0.0237
  Epoch 24/30 | Train Loss: 0.0192 | Val Loss: 0.0233
  Epoch 25/30 | Train Loss: 0.0192 | Val Loss: 0.0240
  Epoch 26/30 | Train Loss: 0.0189 | Val Loss: 0.0248
  Epoch 27/30 | Train Loss: 0.0185 | Val Loss: 0.0228
    -> Saved models/model_station_2.pt and models/scaler_station_2.joblib
  Epoch 28/30 | Train Loss: 0.0178 | Val Loss: 0.0217
    -> Saved models/model_station_2.pt and models/scaler_station_2.joblib
  Epoch 29/30 | Train Loss: 0.0186 | Val Loss: 0.0231
  Epoch 30/30 | Train Loss: 0.0178 | Val Loss: 0.0224
