
--- Attempt 1 (rc=0) ---
Database initialized.
Total records available: 20360

Training model for Station 28...
  Epoch 1/30 | Train Loss: 0.3132 | Val Loss: 0.1720
    -> Saved models/model_station_28.pt and models/scaler_station_28.joblib
  Epoch 2/30 | Train Loss: 0.0781 | Val Loss: 0.0551
    -> Saved models/model_station_28.pt and models/scaler_station_28.joblib
  Epoch 3/30 | Train Loss: 0.0589 | Val Loss: 0.0415
    -> Saved models/model_station_28.pt and models/scaler_station_28.joblib
  Epoch 4/30 | Train Loss: 0.0497 | Val Loss: 0.0360
    -> Saved models/model_station_28.pt and models/scaler_station_28.joblib
  Epoch 5/30 | Train Loss: 0.0424 | Val Loss: 0.0343
    -> Saved models/model_station_28.pt and models/scaler_station_28.joblib
  Epoch 6/30 | Train Loss: 0.0375 | Val Loss: 0.0308
    -> Saved models/model_station_28.pt and models/scaler_station_28.joblib
  Epoch 7/30 | Train Loss: 0.0351 | Val Loss: 0.0285
    -> Saved models/model_station_28.pt and models/scaler_station_28.joblib
  Epoch 8/30 | Train Loss: 0.0332 | Val Loss: 0.0274
    -> Saved models/model_station_28.pt and models/scaler_station_28.joblib
  Epoch 9/30 | Train Loss: 0.0318 | Val Loss: 0.0292
  Epoch 10/30 | Train Loss: 0.0293 | Val Loss: 0.0279
  Epoch 11/30 | Train Loss: 0.0289 | Val Loss: 0.0265
    -> Saved models/model_station_28.pt and models/scaler_station_28.joblib
  Epoch 12/30 | Train Loss: 0.0285 | Val Loss: 0.0272
  Epoch 13/30 | Train Loss: 0.0294 | Val Loss: 0.0255
    -> Saved models/model_station_28.pt and models/scaler_station_28.joblib
  Epoch 14/30 | Train Loss: 0.0265 | Val Loss: 0.0251
    -> Saved models/model_station_28.pt and models/scaler_station_28.joblib
  Epoch 15/30 | Train Loss: 0.0257 | Val Loss: 0.0252
  Epoch 16/30 | Train Loss: 0.0261 | Val Loss: 0.0234
    -> Saved models/model_station_28.pt and models/scaler_station_28.joblib
  Epoch 17/30 | Train Loss: 0.0244 | Val Loss: 0.0262
  Epoch 18/30 | Train Loss: 0.0244 | Val Loss: 0.0239
  Epoch 19/30 | Train Loss: 0.0240 | Val Loss: 0.0225
    -> Saved models/model_station_28.pt and models/scaler_station_28.joblib
  Epoch 20/30 | Train Loss: 0.0238 | Val Loss: 0.0220
    -> Saved models/model_station_28.pt and models/scaler_station_28.joblib
  Epoch 21/30 | Train Loss: 0.0230 | Val Loss: 0.0227
  Epoch 22/30 | Train Loss: 0.0225 | Val Loss: 0.0241
  Epoch 23/30 | Train Loss: 0.0224 | Val Loss: 0.0207
    -> Saved models/model_station_28.pt and models/scaler_station_28.joblib
  Epoch 24/30 | Train Loss: 0.0223 | Val Loss: 0.0253
  Epoch 25/30 | Train Loss: 0.0217 | Val Loss: 0.0200
    -> Saved models/model_station_28.pt and models/scaler_station_28.joblib
  Epoch 26/30 | Train Loss: 0.0216 | Val Loss: 0.0201
  Epoch 27/30 | Train Loss: 0.0217 | Val Loss: 0.0186
    -> Saved models/model_station_28.pt and models/scaler_station_28.joblib
  Epoch 28/30 | Train Loss: 0.0216 | Val Loss: 0.0195
  Epoch 29/30 | Train Loss: 0.0214 | Val Loss: 0.0177
    -> Saved models/model_station_28.pt and models/scaler_station_28.joblib
  Epoch 30/30 | Train Loss: 0.0212 | Val Loss: 0.0211
