
--- Attempt 1 (rc=0) ---
Database initialized.
Total records available: 20360

Training model for Station 26...
  Epoch 1/30 | Train Loss: 0.2218 | Val Loss: 0.0477
    -> Saved models/model_station_26.pt and models/scaler_station_26.joblib
  Epoch 2/30 | Train Loss: 0.0679 | Val Loss: 0.0442
    -> Saved models/model_station_26.pt and models/scaler_station_26.joblib
  Epoch 3/30 | Train Loss: 0.0515 | Val Loss: 0.0455
  Epoch 4/30 | Train Loss: 0.0462 | Val Loss: 0.0355
    -> Saved models/model_station_26.pt and models/scaler_station_26.joblib
  Epoch 5/30 | Train Loss: 0.0419 | Val Loss: 0.0320
    -> Saved models/model_station_26.pt and models/scaler_station_26.joblib
  Epoch 6/30 | Train Loss: 0.0364 | Val Loss: 0.0310
    -> Saved models/model_station_26.pt and models/scaler_station_26.joblib
  Epoch 7/30 | Train Loss: 0.0305 | Val Loss: 0.0272
    -> Saved models/model_station_26.pt and models/scaler_station_26.joblib
  Epoch 8/30 | Train Loss: 0.0265 | Val Loss: 0.0259
    -> Saved models/model_station_26.pt and models/scaler_station_26.joblib
  Epoch 9/30 | Train Loss: 0.0227 | Val Loss: 0.0195
    -> Saved models/model_station_26.pt and models/scaler_station_26.joblib
  Epoch 10/30 | Train Loss: 0.0205 | Val Loss: 0.0186
    -> Saved models/model_station_26.pt and models/scaler_station_26.joblib
  Epoch 11/30 | Train Loss: 0.0193 | Val Loss: 0.0166
    -> Saved models/model_station_26.pt and models/scaler_station_26.joblib
  Epoch 12/30 | Train Loss: 0.0177 | Val Loss: 0.0149
    -> Saved models/model_station_26.pt and models/scaler_station_26.joblib
  Epoch 13/30 | Train Loss: 0.0161 | Val Loss: 0.0145
    -> Saved models/model_station_26.pt and models/scaler_station_26.joblib
  Epoch 14/30 | Train Loss: 0.0167 | Val Loss: 0.0183
  Epoch 15/30 | Train Loss: 0.0161 | Val Loss: 0.0136
    -> Saved models/model_station_26.pt and models/scaler_station_26.joblib
  Epoch 16/30 | Train Loss: 0.0146 | Val Loss: 0.0125
    -> Saved models/model_station_26.pt and models/scaler_station_26.joblib
  Epoch 17/30 | Train Loss: 0.0147 | Val Loss: 0.0128
  Epoch 18/30 | Train Loss: 0.0137 | Val Loss: 0.0132
  Epoch 19/30 | Train Loss: 0.0137 | Val Loss: 0.0122
    -> Saved models/model_station_26.pt and models/scaler_station_26.joblib
  Epoch 20/30 | Train Loss: 0.0142 | Val Loss: 0.0118
    -> Saved models/model_station_26.pt and models/scaler_station_26.joblib
  Epoch 21/30 | Train Loss: 0.0129 | Val Loss: 0.0117
    -> Saved models/model_station_26.pt and models/scaler_station_26.joblib
  Epoch 22/30 | Train Loss: 0.0141 | Val Loss: 0.0115
    -> Saved models/model_station_26.pt and models/scaler_station_26.joblib
  Epoch 23/30 | Train Loss: 0.0127 | Val Loss: 0.0113
    -> Saved models/model_station_26.pt and models/scaler_station_26.joblib
  Epoch 24/30 | Train Loss: 0.0125 | Val Loss: 0.0108
    -> Saved models/model_station_26.pt and models/scaler_station_26.joblib
  Epoch 25/30 | Train Loss: 0.0122 | Val Loss: 0.0108
  Epoch 26/30 | Train Loss: 0.0118 | Val Loss: 0.0108
  Epoch 27/30 | Train Loss: 0.0125 | Val Loss: 0.0118
  Epoch 28/30 | Train Loss: 0.0125 | Val Loss: 0.0105
    -> Saved models/model_station_26.pt and models/scaler_station_26.joblib
  Epoch 29/30 | Train Loss: 0.0117 | Val Loss: 0.0100
    -> Saved models/model_station_26.pt and models/scaler_station_26.joblib
  Epoch 30/30 | Train Loss: 0.0111 | Val Loss: 0.0099
    -> Saved models/model_station_26.pt and models/scaler_station_26.joblib
