
--- Attempt 1 (rc=0) ---
Database initialized.
Total records available: 20360

Training model for Station 25...
  Epoch 1/30 | Train Loss: 0.4343 | Val Loss: 0.0887
    -> Saved models/model_station_25.pt and models/scaler_station_25.joblib
  Epoch 2/30 | Train Loss: 0.0726 | Val Loss: 0.0901
  Epoch 3/30 | Train Loss: 0.0509 | Val Loss: 0.0597
    -> Saved models/model_station_25.pt and models/scaler_station_25.joblib
  Epoch 4/30 | Train Loss: 0.0443 | Val Loss: 0.0486
    -> Saved models/model_station_25.pt and models/scaler_station_25.joblib
  Epoch 5/30 | Train Loss: 0.0378 | Val Loss: 0.0431
    -> Saved models/model_station_25.pt and models/scaler_station_25.joblib
  Epoch 6/30 | Train Loss: 0.0336 | Val Loss: 0.0356
    -> Saved models/model_station_25.pt and models/scaler_station_25.joblib
  Epoch 7/30 | Train Loss: 0.0314 | Val Loss: 0.0368
  Epoch 8/30 | Train Loss: 0.0295 | Val Loss: 0.0306
    -> Saved models/model_station_25.pt and models/scaler_station_25.joblib
  Epoch 9/30 | Train Loss: 0.0265 | Val Loss: 0.0286
    -> Saved models/model_station_25.pt and models/scaler_station_25.joblib
  Epoch 10/30 | Train Loss: 0.0250 | Val Loss: 0.0248
    -> Saved models/model_station_25.pt and models/scaler_station_25.joblib
  Epoch 11/30 | Train Loss: 0.0229 | Val Loss: 0.0211
    -> Saved models/model_station_25.pt and models/scaler_station_25.joblib
  Epoch 12/30 | Train Loss: 0.0226 | Val Loss: 0.0179
    -> Saved models/model_station_25.pt and models/scaler_station_25.joblib
  Epoch 13/30 | Train Loss: 0.0204 | Val Loss: 0.0179
    -> Saved models/model_station_25.pt and models/scaler_station_25.joblib
  Epoch 14/30 | Train Loss: 0.0194 | Val Loss: 0.0172
    -> Saved models/model_station_25.pt and models/scaler_station_25.joblib
  Epoch 15/30 | Train Loss: 0.0175 | Val Loss: 0.0163
    -> Saved models/model_station_25.pt and models/scaler_station_25.joblib
  Epoch 16/30 | Train Loss: 0.0180 | Val Loss: 0.0159
    -> Saved models/model_station_25.pt and models/scaler_station_25.joblib
  Epoch 17/30 | Train Loss: 0.0179 | Val Loss: 0.0164
  Epoch 18/30 | Train Loss: 0.0170 | Val Loss: 0.0166
  Epoch 19/30 | Train Loss: 0.0174 | Val Loss: 0.0147
    -> Saved models/model_station_25.pt and models/scaler_station_25.joblib
  Epoch 20/30 | Train Loss: 0.0158 | Val Loss: 0.0150
  Epoch 21/30 | Train Loss: 0.0148 | Val Loss: 0.0135
    -> Saved models/model_station_25.pt and models/scaler_station_25.joblib
  Epoch 22/30 | Train Loss: 0.0150 | Val Loss: 0.0140
  Epoch 23/30 | Train Loss: 0.0146 | Val Loss: 0.0131
    -> Saved models/model_station_25.pt and models/scaler_station_25.joblib
  Epoch 24/30 | Train Loss: 0.0148 | Val Loss: 0.0147
  Epoch 25/30 | Train Loss: 0.0144 | Val Loss: 0.0137
  Epoch 26/30 | Train Loss: 0.0146 | Val Loss: 0.0136
  Epoch 27/30 | Train Loss: 0.0135 | Val Loss: 0.0128
    -> Saved models/model_station_25.pt and models/scaler_station_25.joblib
  Epoch 28/30 | Train Loss: 0.0137 | Val Loss: 0.0138
  Epoch 29/30 | Train Loss: 0.0135 | Val Loss: 0.0127
    -> Saved models/model_station_25.pt and models/scaler_station_25.joblib
  Epoch 30/30 | Train Loss: 0.0127 | Val Loss: 0.0153
