
--- Attempt 1 (rc=0) ---
Database initialized.
Total records available: 20360

Training model for Station 16...
  Epoch 1/30 | Train Loss: 0.2730 | Val Loss: 0.0572
    -> Saved models/model_station_16.pt and models/scaler_station_16.joblib
  Epoch 2/30 | Train Loss: 0.0661 | Val Loss: 0.0412
    -> Saved models/model_station_16.pt and models/scaler_station_16.joblib
  Epoch 3/30 | Train Loss: 0.0495 | Val Loss: 0.0301
    -> Saved models/model_station_16.pt and models/scaler_station_16.joblib
  Epoch 4/30 | Train Loss: 0.0391 | Val Loss: 0.0240
    -> Saved models/model_station_16.pt and models/scaler_station_16.joblib
  Epoch 5/30 | Train Loss: 0.0330 | Val Loss: 0.0296
  Epoch 6/30 | Train Loss: 0.0301 | Val Loss: 0.0216
    -> Saved models/model_station_16.pt and models/scaler_station_16.joblib
  Epoch 7/30 | Train Loss: 0.0271 | Val Loss: 0.0209
    -> Saved models/model_station_16.pt and models/scaler_station_16.joblib
  Epoch 8/30 | Train Loss: 0.0246 | Val Loss: 0.0210
  Epoch 9/30 | Train Loss: 0.0228 | Val Loss: 0.0210
  Epoch 10/30 | Train Loss: 0.0218 | Val Loss: 0.0194
    -> Saved models/model_station_16.pt and models/scaler_station_16.joblib
  Epoch 11/30 | Train Loss: 0.0211 | Val Loss: 0.0231
  Epoch 12/30 | Train Loss: 0.0194 | Val Loss: 0.0198
  Epoch 13/30 | Train Loss: 0.0190 | Val Loss: 0.0191
    -> Saved models/model_station_16.pt and models/scaler_station_16.joblib
  Epoch 14/30 | Train Loss: 0.0191 | Val Loss: 0.0188
    -> Saved models/model_station_16.pt and models/scaler_station_16.joblib
  Epoch 15/30 | Train Loss: 0.0182 | Val Loss: 0.0214
  Epoch 16/30 | Train Loss: 0.0183 | Val Loss: 0.0178
    -> Saved models/model_station_16.pt and models/scaler_station_16.joblib
  Epoch 17/30 | Train Loss: 0.0173 | Val Loss: 0.0188
  Epoch 18/30 | Train Loss: 0.0168 | Val Loss: 0.0168
    -> Saved models/model_station_16.pt and models/scaler_station_16.joblib
  Epoch 19/30 | Train Loss: 0.0172 | Val Loss: 0.0177
  Epoch 20/30 | Train Loss: 0.0170 | Val Loss: 0.0169
  Epoch 21/30 | Train Loss: 0.0179 | Val Loss: 0.0192
  Epoch 22/30 | Train Loss: 0.0159 | Val Loss: 0.0159
    -> Saved models/model_station_16.pt and models/scaler_station_16.joblib
  Epoch 23/30 | Train Loss: 0.0163 | Val Loss: 0.0143
    -> Saved models/model_station_16.pt and models/scaler_station_16.joblib
  Epoch 24/30 | Train Loss: 0.0162 | Val Loss: 0.0165
  Epoch 25/30 | Train Loss: 0.0160 | Val Loss: 0.0162
  Epoch 26/30 | Train Loss: 0.0152 | Val Loss: 0.0142
    -> Saved models/model_station_16.pt and models/scaler_station_16.joblib
  Epoch 27/30 | Train Loss: 0.0155 | Val Loss: 0.0158
  Epoch 28/30 | Train Loss: 0.0150 | Val Loss: 0.0149
  Epoch 29/30 | Train Loss: 0.0163 | Val Loss: 0.0142
  Epoch 30/30 | Train Loss: 0.0142 | Val Loss: 0.0140
    -> Saved models/model_station_16.pt and models/scaler_station_16.joblib
