
--- Attempt 1 (rc=0) ---
Database initialized.
Total records available: 20360

Training model for Station 15...
  Epoch 1/30 | Train Loss: 0.3155 | Val Loss: 0.0550
    -> Saved models/model_station_15.pt and models/scaler_station_15.joblib
  Epoch 2/30 | Train Loss: 0.0845 | Val Loss: 0.0576
  Epoch 3/30 | Train Loss: 0.0632 | Val Loss: 0.0443
    -> Saved models/model_station_15.pt and models/scaler_station_15.joblib
  Epoch 4/30 | Train Loss: 0.0568 | Val Loss: 0.0410
    -> Saved models/model_station_15.pt and models/scaler_station_15.joblib
  Epoch 5/30 | Train Loss: 0.0536 | Val Loss: 0.0394
    -> Saved models/model_station_15.pt and models/scaler_station_15.joblib
  Epoch 6/30 | Train Loss: 0.0487 | Val Loss: 0.0352
    -> Saved models/model_station_15.pt and models/scaler_station_15.joblib
  Epoch 7/30 | Train Loss: 0.0473 | Val Loss: 0.0330
    -> Saved models/model_station_15.pt and models/scaler_station_15.joblib
  Epoch 8/30 | Train Loss: 0.0446 | Val Loss: 0.0310
    -> Saved models/model_station_15.pt and models/scaler_station_15.joblib
  Epoch 9/30 | Train Loss: 0.0415 | Val Loss: 0.0294
    -> Saved models/model_station_15.pt and models/scaler_station_15.joblib
  Epoch 10/30 | Train Loss: 0.0390 | Val Loss: 0.0315
  Epoch 11/30 | Train Loss: 0.0382 | Val Loss: 0.0276
    -> Saved models/model_station_15.pt and models/scaler_station_15.joblib
  Epoch 12/30 | Train Loss: 0.0350 | Val Loss: 0.0302
  Epoch 13/30 | Train Loss: 0.0341 | Val Loss: 0.0261
    -> Saved models/model_station_15.pt and models/scaler_station_15.joblib
  Epoch 14/30 | Train Loss: 0.0336 | Val Loss: 0.0268
  Epoch 15/30 | Train Loss: 0.0321 | Val Loss: 0.0263
  Epoch 16/30 | Train Loss: 0.0319 | Val Loss: 0.0259
    -> Saved models/model_station_15.pt and models/scaler_station_15.joblib
  Epoch 17/30 | Train Loss: 0.0309 | Val Loss: 0.0264
  Epoch 18/30 | Train Loss: 0.0308 | Val Loss: 0.0264
  Epoch 19/30 | Train Loss: 0.0312 | Val Loss: 0.0258
    -> Saved models/model_station_15.pt and models/scaler_station_15.joblib
  Epoch 20/30 | Train Loss: 0.0316 | Val Loss: 0.0248
    -> Saved models/model_station_15.pt and models/scaler_station_15.joblib
  Epoch 21/30 | Train Loss: 0.0313 | Val Loss: 0.0268
  Epoch 22/30 | Train Loss: 0.0300 | Val Loss: 0.0248
    -> Saved models/model_station_15.pt and models/scaler_station_15.joblib
  Epoch 23/30 | Train Loss: 0.0282 | Val Loss: 0.0247
    -> Saved models/model_station_15.pt and models/scaler_station_15.joblib
  Epoch 24/30 | Train Loss: 0.0286 | Val Loss: 0.0242
    -> Saved models/model_station_15.pt and models/scaler_station_15.joblib
  Epoch 25/30 | Train Loss: 0.0279 | Val Loss: 0.0244
  Epoch 26/30 | Train Loss: 0.0287 | Val Loss: 0.0241
    -> Saved models/model_station_15.pt and models/scaler_station_15.joblib
  Epoch 27/30 | Train Loss: 0.0266 | Val Loss: 0.0245
  Epoch 28/30 | Train Loss: 0.0264 | Val Loss: 0.0254
  Epoch 29/30 | Train Loss: 0.0266 | Val Loss: 0.0232
    -> Saved models/model_station_15.pt and models/scaler_station_15.joblib
  Epoch 30/30 | Train Loss: 0.0257 | Val Loss: 0.0247
