
--- Attempt 1 (rc=0) ---
Database initialized.
Total records available: 20360

Training model for Station 7...
  Epoch 1/30 | Train Loss: 0.1931 | Val Loss: 0.0593
    -> Saved models/model_station_7.pt and models/scaler_station_7.joblib
  Epoch 2/30 | Train Loss: 0.0623 | Val Loss: 0.0440
    -> Saved models/model_station_7.pt and models/scaler_station_7.joblib
  Epoch 3/30 | Train Loss: 0.0497 | Val Loss: 0.0494
  Epoch 4/30 | Train Loss: 0.0405 | Val Loss: 0.0345
    -> Saved models/model_station_7.pt and models/scaler_station_7.joblib
  Epoch 5/30 | Train Loss: 0.0324 | Val Loss: 0.0286
    -> Saved models/model_station_7.pt and models/scaler_station_7.joblib
  Epoch 6/30 | Train Loss: 0.0253 | Val Loss: 0.0214
    -> Saved models/model_station_7.pt and models/scaler_station_7.joblib
  Epoch 7/30 | Train Loss: 0.0223 | Val Loss: 0.0173
    -> Saved models/model_station_7.pt and models/scaler_station_7.joblib
  Epoch 8/30 | Train Loss: 0.0201 | Val Loss: 0.0157
    -> Saved models/model_station_7.pt and models/scaler_station_7.joblib
  Epoch 9/30 | Train Loss: 0.0184 | Val Loss: 0.0156
    -> Saved models/model_station_7.pt and models/scaler_station_7.joblib
  Epoch 10/30 | Train Loss: 0.0188 | Val Loss: 0.0154
    -> Saved models/model_station_7.pt and models/scaler_station_7.joblib
  Epoch 11/30 | Train Loss: 0.0168 | Val Loss: 0.0144
    -> Saved models/model_station_7.pt and models/scaler_station_7.joblib
  Epoch 12/30 | Train Loss: 0.0160 | Val Loss: 0.0141
    -> Saved models/model_station_7.pt and models/scaler_station_7.joblib
  Epoch 13/30 | Train Loss: 0.0153 | Val Loss: 0.0143
  Epoch 14/30 | Train Loss: 0.0152 | Val Loss: 0.0136
    -> Saved models/model_station_7.pt and models/scaler_station_7.joblib
  Epoch 15/30 | Train Loss: 0.0155 | Val Loss: 0.0132
    -> Saved models/model_station_7.pt and models/scaler_station_7.joblib
  Epoch 16/30 | Train Loss: 0.0161 | Val Loss: 0.0149
  Epoch 17/30 | Train Loss: 0.0146 | Val Loss: 0.0152
  Epoch 18/30 | Train Loss: 0.0153 | Val Loss: 0.0143
  Epoch 19/30 | Train Loss: 0.0136 | Val Loss: 0.0127
    -> Saved models/model_station_7.pt and models/scaler_station_7.joblib
  Epoch 20/30 | Train Loss: 0.0136 | Val Loss: 0.0125
    -> Saved models/model_station_7.pt and models/scaler_station_7.joblib
  Epoch 21/30 | Train Loss: 0.0144 | Val Loss: 0.0128
  Epoch 22/30 | Train Loss: 0.0148 | Val Loss: 0.0125
    -> Saved models/model_station_7.pt and models/scaler_station_7.joblib
  Epoch 23/30 | Train Loss: 0.0139 | Val Loss: 0.0124
    -> Saved models/model_station_7.pt and models/scaler_station_7.joblib
  Epoch 24/30 | Train Loss: 0.0133 | Val Loss: 0.0119
    -> Saved models/model_station_7.pt and models/scaler_station_7.joblib
  Epoch 25/30 | Train Loss: 0.0127 | Val Loss: 0.0119
  Epoch 26/30 | Train Loss: 0.0138 | Val Loss: 0.0119
    -> Saved models/model_station_7.pt and models/scaler_station_7.joblib
  Epoch 27/30 | Train Loss: 0.0133 | Val Loss: 0.0120
  Epoch 28/30 | Train Loss: 0.0127 | Val Loss: 0.0121
  Epoch 29/30 | Train Loss: 0.0126 | Val Loss: 0.0115
    -> Saved models/model_station_7.pt and models/scaler_station_7.joblib
  Epoch 30/30 | Train Loss: 0.0121 | Val Loss: 0.0121
