
--- Attempt 1 (rc=0) ---
Database initialized.
Total records available: 20360

Training model for Station 27...
  Epoch 1/30 | Train Loss: 0.3185 | Val Loss: 0.0547
    -> Saved models/model_station_27.pt and models/scaler_station_27.joblib
  Epoch 2/30 | Train Loss: 0.0707 | Val Loss: 0.0577
  Epoch 3/30 | Train Loss: 0.0481 | Val Loss: 0.0373
    -> Saved models/model_station_27.pt and models/scaler_station_27.joblib
  Epoch 4/30 | Train Loss: 0.0403 | Val Loss: 0.0257
    -> Saved models/model_station_27.pt and models/scaler_station_27.joblib
  Epoch 5/30 | Train Loss: 0.0339 | Val Loss: 0.0229
    -> Saved models/model_station_27.pt and models/scaler_station_27.joblib
  Epoch 6/30 | Train Loss: 0.0290 | Val Loss: 0.0231
  Epoch 7/30 | Train Loss: 0.0265 | Val Loss: 0.0249
  Epoch 8/30 | Train Loss: 0.0253 | Val Loss: 0.0242
  Epoch 9/30 | Train Loss: 0.0250 | Val Loss: 0.0216
    -> Saved models/model_station_27.pt and models/scaler_station_27.joblib
  Epoch 10/30 | Train Loss: 0.0235 | Val Loss: 0.0205
    -> Saved models/model_station_27.pt and models/scaler_station_27.joblib
  Epoch 11/30 | Train Loss: 0.0217 | Val Loss: 0.0201
    -> Saved models/model_station_27.pt and models/scaler_station_27.joblib
  Epoch 12/30 | Train Loss: 0.0220 | Val Loss: 0.0214
  Epoch 13/30 | Train Loss: 0.0211 | Val Loss: 0.0196
    -> Saved models/model_station_27.pt and models/scaler_station_27.joblib
  Epoch 14/30 | Train Loss: 0.0196 | Val Loss: 0.0183
    -> Saved models/model_station_27.pt and models/scaler_station_27.joblib
  Epoch 15/30 | Train Loss: 0.0184 | Val Loss: 0.0196
  Epoch 16/30 | Train Loss: 0.0181 | Val Loss: 0.0217
  Epoch 17/30 | Train Loss: 0.0181 | Val Loss: 0.0174
    -> Saved models/model_station_27.pt and models/scaler_station_27.joblib
  Epoch 18/30 | Train Loss: 0.0169 | Val Loss: 0.0179
  Epoch 19/30 | Train Loss: 0.0159 | Val Loss: 0.0174
    -> Saved models/model_station_27.pt and models/scaler_station_27.joblib
  Epoch 20/30 | Train Loss: 0.0156 | Val Loss: 0.0177
  Epoch 21/30 | Train Loss: 0.0151 | Val Loss: 0.0170
    -> Saved models/model_station_27.pt and models/scaler_station_27.joblib
  Epoch 22/30 | Train Loss: 0.0145 | Val Loss: 0.0162
    -> Saved models/model_station_27.pt and models/scaler_station_27.joblib
  Epoch 23/30 | Train Loss: 0.0141 | Val Loss: 0.0156
    -> Saved models/model_station_27.pt and models/scaler_station_27.joblib
  Epoch 24/30 | Train Loss: 0.0145 | Val Loss: 0.0212
  Epoch 25/30 | Train Loss: 0.0138 | Val Loss: 0.0153
    -> Saved models/model_station_27.pt and models/scaler_station_27.joblib
  Epoch 26/30 | Train Loss: 0.0128 | Val Loss: 0.0152
    -> Saved models/model_station_27.pt and models/scaler_station_27.joblib
  Epoch 27/30 | Train Loss: 0.0129 | Val Loss: 0.0148
    -> Saved models/model_station_27.pt and models/scaler_station_27.joblib
  Epoch 28/30 | Train Loss: 0.0128 | Val Loss: 0.0141
    -> Saved models/model_station_27.pt and models/scaler_station_27.joblib
  Epoch 29/30 | Train Loss: 0.0124 | Val Loss: 0.0138
    -> Saved models/model_station_27.pt and models/scaler_station_27.joblib
  Epoch 30/30 | Train Loss: 0.0132 | Val Loss: 0.0136
    -> Saved models/model_station_27.pt and models/scaler_station_27.joblib
