
--- Attempt 1 (rc=0) ---
Database initialized.
Total records available: 20360

Training model for Station 11...
  Epoch 1/30 | Train Loss: 0.2127 | Val Loss: 0.0984
    -> Saved models/model_station_11.pt and models/scaler_station_11.joblib
  Epoch 2/30 | Train Loss: 0.0658 | Val Loss: 0.0431
    -> Saved models/model_station_11.pt and models/scaler_station_11.joblib
  Epoch 3/30 | Train Loss: 0.0478 | Val Loss: 0.0378
    -> Saved models/model_station_11.pt and models/scaler_station_11.joblib
  Epoch 4/30 | Train Loss: 0.0417 | Val Loss: 0.0315
    -> Saved models/model_station_11.pt and models/scaler_station_11.joblib
  Epoch 5/30 | Train Loss: 0.0379 | Val Loss: 0.0271
    -> Saved models/model_station_11.pt and models/scaler_station_11.joblib
  Epoch 6/30 | Train Loss: 0.0354 | Val Loss: 0.0253
    -> Saved models/model_station_11.pt and models/scaler_station_11.joblib
  Epoch 7/30 | Train Loss: 0.0331 | Val Loss: 0.0227
    -> Saved models/model_station_11.pt and models/scaler_station_11.joblib
  Epoch 8/30 | Train Loss: 0.0306 | Val Loss: 0.0222
    -> Saved models/model_station_11.pt and models/scaler_station_11.joblib
  Epoch 9/30 | Train Loss: 0.0305 | Val Loss: 0.0246
  Epoch 10/30 | Train Loss: 0.0298 | Val Loss: 0.0212
    -> Saved models/model_station_11.pt and models/scaler_station_11.joblib
  Epoch 11/30 | Train Loss: 0.0288 | Val Loss: 0.0212
    -> Saved models/model_station_11.pt and models/scaler_station_11.joblib
  Epoch 12/30 | Train Loss: 0.0280 | Val Loss: 0.0203
    -> Saved models/model_station_11.pt and models/scaler_station_11.joblib
  Epoch 13/30 | Train Loss: 0.0272 | Val Loss: 0.0209
  Epoch 14/30 | Train Loss: 0.0263 | Val Loss: 0.0198
    -> Saved models/model_station_11.pt and models/scaler_station_11.joblib
  Epoch 15/30 | Train Loss: 0.0267 | Val Loss: 0.0207
  Epoch 16/30 | Train Loss: 0.0257 | Val Loss: 0.0209
  Epoch 17/30 | Train Loss: 0.0252 | Val Loss: 0.0214
  Epoch 18/30 | Train Loss: 0.0243 | Val Loss: 0.0223
  Epoch 19/30 | Train Loss: 0.0238 | Val Loss: 0.0203
  Epoch 20/30 | Train Loss: 0.0239 | Val Loss: 0.0207
  Epoch 21/30 | Train Loss: 0.0243 | Val Loss: 0.0190
    -> Saved models/model_station_11.pt and models/scaler_station_11.joblib
  Epoch 22/30 | Train Loss: 0.0241 | Val Loss: 0.0183
    -> Saved models/model_station_11.pt and models/scaler_station_11.joblib
  Epoch 23/30 | Train Loss: 0.0226 | Val Loss: 0.0193
  Epoch 24/30 | Train Loss: 0.0232 | Val Loss: 0.0179
    -> Saved models/model_station_11.pt and models/scaler_station_11.joblib
  Epoch 25/30 | Train Loss: 0.0219 | Val Loss: 0.0193
  Epoch 26/30 | Train Loss: 0.0226 | Val Loss: 0.0205
  Epoch 27/30 | Train Loss: 0.0219 | Val Loss: 0.0192
  Epoch 28/30 | Train Loss: 0.0219 | Val Loss: 0.0191
  Epoch 29/30 | Train Loss: 0.0213 | Val Loss: 0.0189
  Epoch 30/30 | Train Loss: 0.0205 | Val Loss: 0.0188
