
--- Attempt 1 (rc=0) ---
Database initialized.
Total records available: 20360

Training model for Station 20...
  Epoch 1/30 | Train Loss: 0.1771 | Val Loss: 0.0543
    -> Saved models/model_station_20.pt and models/scaler_station_20.joblib
  Epoch 2/30 | Train Loss: 0.0655 | Val Loss: 0.0521
    -> Saved models/model_station_20.pt and models/scaler_station_20.joblib
  Epoch 3/30 | Train Loss: 0.0534 | Val Loss: 0.0413
    -> Saved models/model_station_20.pt and models/scaler_station_20.joblib
  Epoch 4/30 | Train Loss: 0.0425 | Val Loss: 0.0327
    -> Saved models/model_station_20.pt and models/scaler_station_20.joblib
  Epoch 5/30 | Train Loss: 0.0306 | Val Loss: 0.0249
    -> Saved models/model_station_20.pt and models/scaler_station_20.joblib
  Epoch 6/30 | Train Loss: 0.0244 | Val Loss: 0.0189
    -> Saved models/model_station_20.pt and models/scaler_station_20.joblib
  Epoch 7/30 | Train Loss: 0.0218 | Val Loss: 0.0184
    -> Saved models/model_station_20.pt and models/scaler_station_20.joblib
  Epoch 8/30 | Train Loss: 0.0214 | Val Loss: 0.0171
    -> Saved models/model_station_20.pt and models/scaler_station_20.joblib
  Epoch 9/30 | Train Loss: 0.0211 | Val Loss: 0.0159
    -> Saved models/model_station_20.pt and models/scaler_station_20.joblib
  Epoch 10/30 | Train Loss: 0.0206 | Val Loss: 0.0159
  Epoch 11/30 | Train Loss: 0.0204 | Val Loss: 0.0168
  Epoch 12/30 | Train Loss: 0.0204 | Val Loss: 0.0164
  Epoch 13/30 | Train Loss: 0.0201 | Val Loss: 0.0155
    -> Saved models/model_station_20.pt and models/scaler_station_20.joblib
  Epoch 14/30 | Train Loss: 0.0180 | Val Loss: 0.0156
  Epoch 15/30 | Train Loss: 0.0191 | Val Loss: 0.0171
  Epoch 16/30 | Train Loss: 0.0184 | Val Loss: 0.0162
  Epoch 17/30 | Train Loss: 0.0189 | Val Loss: 0.0150
    -> Saved models/model_station_20.pt and models/scaler_station_20.joblib
  Epoch 18/30 | Train Loss: 0.0177 | Val Loss: 0.0149
    -> Saved models/model_station_20.pt and models/scaler_station_20.joblib
  Epoch 19/30 | Train Loss: 0.0176 | Val Loss: 0.0159
  Epoch 20/30 | Train Loss: 0.0175 | Val Loss: 0.0169
  Epoch 21/30 | Train Loss: 0.0179 | Val Loss: 0.0147
    -> Saved models/model_station_20.pt and models/scaler_station_20.joblib
  Epoch 22/30 | Train Loss: 0.0173 | Val Loss: 0.0146
    -> Saved models/model_station_20.pt and models/scaler_station_20.joblib
  Epoch 23/30 | Train Loss: 0.0172 | Val Loss: 0.0144
    -> Saved models/model_station_20.pt and models/scaler_station_20.joblib
  Epoch 24/30 | Train Loss: 0.0168 | Val Loss: 0.0143
    -> Saved models/model_station_20.pt and models/scaler_station_20.joblib
  Epoch 25/30 | Train Loss: 0.0163 | Val Loss: 0.0153
  Epoch 26/30 | Train Loss: 0.0170 | Val Loss: 0.0164
  Epoch 27/30 | Train Loss: 0.0180 | Val Loss: 0.0153
  Epoch 28/30 | Train Loss: 0.0164 | Val Loss: 0.0137
    -> Saved models/model_station_20.pt and models/scaler_station_20.joblib
  Epoch 29/30 | Train Loss: 0.0156 | Val Loss: 0.0137
  Epoch 30/30 | Train Loss: 0.0165 | Val Loss: 0.0137
