
--- Attempt 1 (rc=0) ---
Database initialized.
Total records available: 20360

Training model for Station 3...
  Epoch 1/30 | Train Loss: 0.1936 | Val Loss: 0.0502
    -> Saved models/model_station_3.pt and models/scaler_station_3.joblib
  Epoch 2/30 | Train Loss: 0.0625 | Val Loss: 0.0475
    -> Saved models/model_station_3.pt and models/scaler_station_3.joblib
  Epoch 3/30 | Train Loss: 0.0514 | Val Loss: 0.0541
  Epoch 4/30 | Train Loss: 0.0473 | Val Loss: 0.0492
  Epoch 5/30 | Train Loss: 0.0426 | Val Loss: 0.0458
    -> Saved models/model_station_3.pt and models/scaler_station_3.joblib
  Epoch 6/30 | Train Loss: 0.0394 | Val Loss: 0.0398
    -> Saved models/model_station_3.pt and models/scaler_station_3.joblib
  Epoch 7/30 | Train Loss: 0.0367 | Val Loss: 0.0404
  Epoch 8/30 | Train Loss: 0.0345 | Val Loss: 0.0381
    -> Saved models/model_station_3.pt and models/scaler_station_3.joblib
  Epoch 9/30 | Train Loss: 0.0330 | Val Loss: 0.0374
    -> Saved models/model_station_3.pt and models/scaler_station_3.joblib
  Epoch 10/30 | Train Loss: 0.0314 | Val Loss: 0.0372
    -> Saved models/model_station_3.pt and models/scaler_station_3.joblib
  Epoch 11/30 | Train Loss: 0.0296 | Val Loss: 0.0364
    -> Saved models/model_station_3.pt and models/scaler_station_3.joblib
  Epoch 12/30 | Train Loss: 0.0290 | Val Loss: 0.0334
    -> Saved models/model_station_3.pt and models/scaler_station_3.joblib
  Epoch 13/30 | Train Loss: 0.0284 | Val Loss: 0.0334
  Epoch 14/30 | Train Loss: 0.0284 | Val Loss: 0.0313
    -> Saved models/model_station_3.pt and models/scaler_station_3.joblib
  Epoch 15/30 | Train Loss: 0.0281 | Val Loss: 0.0310
    -> Saved models/model_station_3.pt and models/scaler_station_3.joblib
  Epoch 16/30 | Train Loss: 0.0293 | Val Loss: 0.0310
    -> Saved models/model_station_3.pt and models/scaler_station_3.joblib
  Epoch 17/30 | Train Loss: 0.0273 | Val Loss: 0.0280
    -> Saved models/model_station_3.pt and models/scaler_station_3.joblib
  Epoch 18/30 | Train Loss: 0.0271 | Val Loss: 0.0305
  Epoch 19/30 | Train Loss: 0.0256 | Val Loss: 0.0278
    -> Saved models/model_station_3.pt and models/scaler_station_3.joblib
  Epoch 20/30 | Train Loss: 0.0265 | Val Loss: 0.0311
  Epoch 21/30 | Train Loss: 0.0257 | Val Loss: 0.0282
  Epoch 22/30 | Train Loss: 0.0249 | Val Loss: 0.0286
  Epoch 23/30 | Train Loss: 0.0253 | Val Loss: 0.0290
  Epoch 24/30 | Train Loss: 0.0246 | Val Loss: 0.0293
  Epoch 25/30 | Train Loss: 0.0250 | Val Loss: 0.0282
  Epoch 26/30 | Train Loss: 0.0240 | Val Loss: 0.0282
  Epoch 27/30 | Train Loss: 0.0247 | Val Loss: 0.0280
  Epoch 28/30 | Train Loss: 0.0239 | Val Loss: 0.0299
  Epoch 29/30 | Train Loss: 0.0242 | Val Loss: 0.0294
  Epoch 30/30 | Train Loss: 0.0247 | Val Loss: 0.0288
