
--- Attempt 1 (rc=0) ---
Database initialized.
Total records available: 20360

Training model for Station 19...
  Epoch 1/30 | Train Loss: 0.2124 | Val Loss: 0.0575
    -> Saved models/model_station_19.pt and models/scaler_station_19.joblib
  Epoch 2/30 | Train Loss: 0.0638 | Val Loss: 0.0497
    -> Saved models/model_station_19.pt and models/scaler_station_19.joblib
  Epoch 3/30 | Train Loss: 0.0474 | Val Loss: 0.0299
    -> Saved models/model_station_19.pt and models/scaler_station_19.joblib
  Epoch 4/30 | Train Loss: 0.0367 | Val Loss: 0.0240
    -> Saved models/model_station_19.pt and models/scaler_station_19.joblib
  Epoch 5/30 | Train Loss: 0.0292 | Val Loss: 0.0196
    -> Saved models/model_station_19.pt and models/scaler_station_19.joblib
  Epoch 6/30 | Train Loss: 0.0263 | Val Loss: 0.0193
    -> Saved models/model_station_19.pt and models/scaler_station_19.joblib
  Epoch 7/30 | Train Loss: 0.0218 | Val Loss: 0.0174
    -> Saved models/model_station_19.pt and models/scaler_station_19.joblib
  Epoch 8/30 | Train Loss: 0.0194 | Val Loss: 0.0169
    -> Saved models/model_station_19.pt and models/scaler_station_19.joblib
  Epoch 9/30 | Train Loss: 0.0179 | Val Loss: 0.0193
  Epoch 10/30 | Train Loss: 0.0176 | Val Loss: 0.0188
  Epoch 11/30 | Train Loss: 0.0164 | Val Loss: 0.0162
    -> Saved models/model_station_19.pt and models/scaler_station_19.joblib
  Epoch 12/30 | Train Loss: 0.0155 | Val Loss: 0.0159
    -> Saved models/model_station_19.pt and models/scaler_station_19.joblib
  Epoch 13/30 | Train Loss: 0.0151 | Val Loss: 0.0154
    -> Saved models/model_station_19.pt and models/scaler_station_19.joblib
  Epoch 14/30 | Train Loss: 0.0136 | Val Loss: 0.0164
  Epoch 15/30 | Train Loss: 0.0138 | Val Loss: 0.0156
  Epoch 16/30 | Train Loss: 0.0138 | Val Loss: 0.0145
    -> Saved models/model_station_19.pt and models/scaler_station_19.joblib
  Epoch 17/30 | Train Loss: 0.0133 | Val Loss: 0.0145
  Epoch 18/30 | Train Loss: 0.0128 | Val Loss: 0.0141
    -> Saved models/model_station_19.pt and models/scaler_station_19.joblib
  Epoch 19/30 | Train Loss: 0.0127 | Val Loss: 0.0141
  Epoch 20/30 | Train Loss: 0.0125 | Val Loss: 0.0148
  Epoch 21/30 | Train Loss: 0.0129 | Val Loss: 0.0143
  Epoch 22/30 | Train Loss: 0.0123 | Val Loss: 0.0146
  Epoch 23/30 | Train Loss: 0.0123 | Val Loss: 0.0144
  Epoch 24/30 | Train Loss: 0.0128 | Val Loss: 0.0157
  Epoch 25/30 | Train Loss: 0.0117 | Val Loss: 0.0139
    -> Saved models/model_station_19.pt and models/scaler_station_19.joblib
  Epoch 26/30 | Train Loss: 0.0123 | Val Loss: 0.0131
    -> Saved models/model_station_19.pt and models/scaler_station_19.joblib
  Epoch 27/30 | Train Loss: 0.0124 | Val Loss: 0.0142
  Epoch 28/30 | Train Loss: 0.0123 | Val Loss: 0.0141
  Epoch 29/30 | Train Loss: 0.0113 | Val Loss: 0.0132
  Epoch 30/30 | Train Loss: 0.0116 | Val Loss: 0.0131
