
--- Attempt 1 (rc=0) ---
Database initialized.
Total records available: 20360

Training model for Station 14...
  Epoch 1/30 | Train Loss: 0.2862 | Val Loss: 0.0625
    -> Saved models/model_station_14.pt and models/scaler_station_14.joblib
  Epoch 2/30 | Train Loss: 0.0977 | Val Loss: 0.1004
  Epoch 3/30 | Train Loss: 0.0759 | Val Loss: 0.0633
  Epoch 4/30 | Train Loss: 0.0711 | Val Loss: 0.0594
    -> Saved models/model_station_14.pt and models/scaler_station_14.joblib
  Epoch 5/30 | Train Loss: 0.0654 | Val Loss: 0.0537
    -> Saved models/model_station_14.pt and models/scaler_station_14.joblib
  Epoch 6/30 | Train Loss: 0.0587 | Val Loss: 0.0505
    -> Saved models/model_station_14.pt and models/scaler_station_14.joblib
  Epoch 7/30 | Train Loss: 0.0547 | Val Loss: 0.0498
    -> Saved models/model_station_14.pt and models/scaler_station_14.joblib
  Epoch 8/30 | Train Loss: 0.0512 | Val Loss: 0.0491
    -> Saved models/model_station_14.pt and models/scaler_station_14.joblib
  Epoch 9/30 | Train Loss: 0.0523 | Val Loss: 0.0429
    -> Saved models/model_station_14.pt and models/scaler_station_14.joblib
  Epoch 10/30 | Train Loss: 0.0501 | Val Loss: 0.0434
  Epoch 11/30 | Train Loss: 0.0506 | Val Loss: 0.0427
    -> Saved models/model_station_14.pt and models/scaler_station_14.joblib
  Epoch 12/30 | Train Loss: 0.0504 | Val Loss: 0.0465
  Epoch 13/30 | Train Loss: 0.0518 | Val Loss: 0.0558
  Epoch 14/30 | Train Loss: 0.0506 | Val Loss: 0.0492
  Epoch 15/30 | Train Loss: 0.0489 | Val Loss: 0.0443
  Epoch 16/30 | Train Loss: 0.0485 | Val Loss: 0.0450
  Epoch 17/30 | Train Loss: 0.0474 | Val Loss: 0.0500
  Epoch 18/30 | Train Loss: 0.0470 | Val Loss: 0.0514
  Epoch 19/30 | Train Loss: 0.0459 | Val Loss: 0.0425
    -> Saved models/model_station_14.pt and models/scaler_station_14.joblib
  Epoch 20/30 | Train Loss: 0.0469 | Val Loss: 0.0544
  Epoch 21/30 | Train Loss: 0.0443 | Val Loss: 0.0464
  Epoch 22/30 | Train Loss: 0.0464 | Val Loss: 0.0496
  Epoch 23/30 | Train Loss: 0.0472 | Val Loss: 0.0420
    -> Saved models/model_station_14.pt and models/scaler_station_14.joblib
  Epoch 24/30 | Train Loss: 0.0461 | Val Loss: 0.0494
  Epoch 25/30 | Train Loss: 0.0476 | Val Loss: 0.0389
    -> Saved models/model_station_14.pt and models/scaler_station_14.joblib
  Epoch 26/30 | Train Loss: 0.0459 | Val Loss: 0.0427
  Epoch 27/30 | Train Loss: 0.0461 | Val Loss: 0.0452
  Epoch 28/30 | Train Loss: 0.0442 | Val Loss: 0.0482
  Epoch 29/30 | Train Loss: 0.0443 | Val Loss: 0.0447
  Epoch 30/30 | Train Loss: 0.0447 | Val Loss: 0.0416
