
--- Attempt 1 (rc=0) ---
Database initialized.
Total records available: 20360

Training model for Station 9...
  Epoch 1/30 | Train Loss: 0.3570 | Val Loss: 0.0643
    -> Saved models/model_station_9.pt and models/scaler_station_9.joblib
  Epoch 2/30 | Train Loss: 0.0944 | Val Loss: 0.0994
  Epoch 3/30 | Train Loss: 0.0775 | Val Loss: 0.0522
    -> Saved models/model_station_9.pt and models/scaler_station_9.joblib
  Epoch 4/30 | Train Loss: 0.0672 | Val Loss: 0.0453
    -> Saved models/model_station_9.pt and models/scaler_station_9.joblib
  Epoch 5/30 | Train Loss: 0.0607 | Val Loss: 0.0417
    -> Saved models/model_station_9.pt and models/scaler_station_9.joblib
  Epoch 6/30 | Train Loss: 0.0551 | Val Loss: 0.0389
    -> Saved models/model_station_9.pt and models/scaler_station_9.joblib
  Epoch 7/30 | Train Loss: 0.0511 | Val Loss: 0.0383
    -> Saved models/model_station_9.pt and models/scaler_station_9.joblib
  Epoch 8/30 | Train Loss: 0.0501 | Val Loss: 0.0372
    -> Saved models/model_station_9.pt and models/scaler_station_9.joblib
  Epoch 9/30 | Train Loss: 0.0462 | Val Loss: 0.0370
    -> Saved models/model_station_9.pt and models/scaler_station_9.joblib
  Epoch 10/30 | Train Loss: 0.0446 | Val Loss: 0.0357
    -> Saved models/model_station_9.pt and models/scaler_station_9.joblib
  Epoch 11/30 | Train Loss: 0.0432 | Val Loss: 0.0351
    -> Saved models/model_station_9.pt and models/scaler_station_9.joblib
  Epoch 12/30 | Train Loss: 0.0416 | Val Loss: 0.0354
  Epoch 13/30 | Train Loss: 0.0416 | Val Loss: 0.0354
  Epoch 14/30 | Train Loss: 0.0410 | Val Loss: 0.0345
    -> Saved models/model_station_9.pt and models/scaler_station_9.joblib
  Epoch 15/30 | Train Loss: 0.0407 | Val Loss: 0.0367
  Epoch 16/30 | Train Loss: 0.0390 | Val Loss: 0.0372
  Epoch 17/30 | Train Loss: 0.0390 | Val Loss: 0.0385
  Epoch 18/30 | Train Loss: 0.0392 | Val Loss: 0.0353
  Epoch 19/30 | Train Loss: 0.0393 | Val Loss: 0.0344
    -> Saved models/model_station_9.pt and models/scaler_station_9.joblib
  Epoch 20/30 | Train Loss: 0.0379 | Val Loss: 0.0340
    -> Saved models/model_station_9.pt and models/scaler_station_9.joblib
  Epoch 21/30 | Train Loss: 0.0364 | Val Loss: 0.0335
    -> Saved models/model_station_9.pt and models/scaler_station_9.joblib
  Epoch 22/30 | Train Loss: 0.0365 | Val Loss: 0.0366
  Epoch 23/30 | Train Loss: 0.0361 | Val Loss: 0.0325
    -> Saved models/model_station_9.pt and models/scaler_station_9.joblib
  Epoch 24/30 | Train Loss: 0.0350 | Val Loss: 0.0311
    -> Saved models/model_station_9.pt and models/scaler_station_9.joblib
  Epoch 25/30 | Train Loss: 0.0339 | Val Loss: 0.0340
  Epoch 26/30 | Train Loss: 0.0365 | Val Loss: 0.0303
    -> Saved models/model_station_9.pt and models/scaler_station_9.joblib
  Epoch 27/30 | Train Loss: 0.0347 | Val Loss: 0.0302
    -> Saved models/model_station_9.pt and models/scaler_station_9.joblib
  Epoch 28/30 | Train Loss: 0.0326 | Val Loss: 0.0316
  Epoch 29/30 | Train Loss: 0.0333 | Val Loss: 0.0316
  Epoch 30/30 | Train Loss: 0.0336 | Val Loss: 0.0306
